bash-4.2$ cat > file3.txt
this is line 1 UNIX UNIX
This is line 2 unix
 This is line 3 Unix Unix
This is line 4 hello
bash-4.2$ grep -i unix file3.txt
this is line 1 UNIX UNIX
This is line 2 unix
 This is line 3 Unix Unix
bash-4.2$ grep -i unix file3.txt
this is line 1 UNIX UNIX
This is line 2 unix
 This is line 3 Unix Unix
bash-4.2$ grep -n unix file3.txt
2:This is line 2 unix
bash-4.2$ grep -v unix file3.txt
this is line 1 UNIX UNIX
 This is line 3 Unix Unix
This is line 4 hello
bash-4.2$ grep "^U" file3.txt | grep "x$" file3.txt
This is line 2 unix
 This is line 3 Unix Unix
bash-4.2$ grep "^U" file3.txt && grep "x$" file3.txt
bash-4.2$ ------------------------------------------------------------
bash: ------------------------------------------------------------: command not found
bash-4.2$ cat > file4.txt
unix or linux os 
is unix good os
is linux good os
bash-4.2$ cut -c 4 file.txt
cut: file.txt: No such file or directory
bash-4.2$ cut -c 4 file4.txt
x
u
l
bash-4.2$ cut -b 4-7 file4.txt
x or
unix
linu
bash-4.2$ cut -d file4.txt
cut: the delimiter must be a single character
Try 'cut --help' for more information.
bash-4.2$ cut--d file4.txt
bash: cut--d: command not found
bash-4.2$ cut -d "2" file4.txt
cut: you must specify a list of bytes, characters, or fields
Try 'cut --help' for more information.
bash-4.2$ cut --help
Usage: cut OPTION... [FILE]...
Print selected parts of lines from each FILE to standard output.

Mandatory arguments to long options are mandatory for short options too.
  -b, --bytes=LIST        select only these bytes
  -c, --characters=LIST   select only these characters
  -d, --delimiter=DELIM   use DELIM instead of TAB for field delimiter
  -f, --fields=LIST       select only these fields;  also print any line
                            that contains no delimiter character, unless
                            the -s option is specified
  -n                      with -b: don't split multibyte characters
      --complement        complement the set of selected bytes, characters
                            or fields
  -s, --only-delimited    do not print lines not containing delimiters
      --output-delimiter=STRING  use STRING as the output delimiter
                            the default is to use the input delimiter
      --help     display this help and exit
      --version  output version information and exit

Use one, and only one of -b, -c or -f.  Each LIST is made up of one
range, or many ranges separated by commas.  Selected input is written
in the same order that it is read, and is written exactly once.
Each range is one of:

  N     N'th byte, character or field, counted from 1
  N-    from N'th byte, character or field, to end of line
  N-M   from N'th to M'th (included) byte, character or field
  -M    from first to M'th (included) byte, character or field

With no FILE, or when FILE is -, read standard input.

GNU coreutils online help: <http://www.gnu.org/software/coreutils/>
For complete documentation, run: info coreutils 'cut invocation'
bash-4.2$ cut -s "2" file4.txt
cut: you must specify a list of bytes, characters, or fields
Try 'cut --help' for more information.
bash-4.2$ cut -d ""-f 2 file4.txt
cut: the delimiter must be a single character
Try 'cut --help' for more information.
bash-4.2$ cut -d " " -f 2 file4.txt
or
unix
linux
bash-4.2$ cat > file5.txt
Linux     
Unix
Solaris
HPUX
AIX
bash-4.2$ paste -s file5.txt
Linux 	Unix	Solaris	HPUX	AIX
bash-4.2$ paste -s -d "," file5.txt
Linux ,Unix,Solaris,HPUX,AIX
bash-4.2$ paste -s file5.txt
Linux 	Unix	Solaris	HPUX	AIX
bash-4.2$ paste -s file5.txt file4.txt
Linux 	Unix	Solaris	HPUX	AIX
unix or linux os	is unix good os	is linux good os
bash-4.2$ paste -d ":" file5.txt file4.txt
Linux :unix or linux os
Unix:is unix good os
Solaris:is linux good os
HPUX:
AIX:
bash-4.2$ 

